// Jest Snapshot v1, https://goo.gl/fbAQLP

exports[`MovieDetails component should render MovieDetails component 1`] = `
<div
  className="movie-details"
>
  <Poster
    classes="movie-details_poster"
    poster_path="test poster"
    title="test title"
  />
  <div
    className="movie-details_details"
  >
    <h2
      className="movie-details_title"
    >
      test title
    </h2>
    <span
      className="movie-details_vote"
    >
      1
    </span>
    <p>
      <span
        className="movie-details_date"
      >
        2017
      </span>
      <span
        className="movie-details_runtime"
      >
        1
         min
      </span>
    </p>
    <p
      className="movie-details_overview"
    >
      test overview
    </p>
  </div>
</div>
`;
