// Jest Snapshot v1, https://goo.gl/fbAQLP

exports[`MoviesResults component should render MoviesResults component 1`] = `
<Fragment>
  <MoviesList
    data={
      Array [
        Object {
          "genres": Array [
            "test genre1",
            "test genre2",
          ],
          "id": 1,
          "overview": "test overview",
          "poster_path": "test poster",
          "release_date": "2017-12-13",
          "runtime": 1,
          "title": "test title",
          "vote_average": 1,
        },
        Object {
          "genres": Array [
            "test genre1",
            "test genre2",
          ],
          "id": 2,
          "overview": "test overview2",
          "poster_path": "test poster2",
          "release_date": "2017-12-13",
          "runtime": 1,
          "title": "test title2",
          "vote_average": 2,
        },
      ]
    }
  />
</Fragment>
`;
