// Jest Snapshot v1, https://goo.gl/fbAQLP

exports[`GenresInfo component should render GenresInfo component 1`] = `
<Fragment>
  <span
    className="genre-info"
  >
    Films by 
    testGenre
     genre
  </span>
</Fragment>
`;
