// Jest Snapshot v1, https://goo.gl/fbAQLP

exports[`Spinner component should render Spinner component 1`] = `
<div
  className="lds-css"
>
  <div
    className="lds-double-ring"
  >
    <div />
    <div />
  </div>
</div>
`;
