// Jest Snapshot v1, https://goo.gl/fbAQLP

exports[`InfoContainer component should render InfoContainer component 1`] = `
<div
  className="info-container"
/>
`;
