// Jest Snapshot v1, https://goo.gl/fbAQLP

exports[`MoviesResultsInfo component should render MoviesResultsInfo component 1`] = `
<Fragment>
  <span
    className="movie-results-info_qt"
  >
    1
     movies found
  </span>
  <RadioToolbar
    items={
      Array [
        Object {
          "id": "release",
          "isChecked": true,
          "value": "release date",
        },
        Object {
          "id": "rating",
        },
      ]
    }
    name="movie-results-info"
  />
</Fragment>
`;
